Copyright 1986-2022 Xilinx, Inc. All Rights Reserved. Copyright 2022-2024 Advanced Micro Devices, Inc. All Rights Reserved.
---------------------------------------------------------------------------------------------------------------------------------------------
| Tool Version : Vivado v.2024.1 (lin64) Build 5076996 Wed May 22 18:36:09 MDT 2024
| Date         : Tue Dec  3 19:03:49 2024
| Host         : clutch13 running 64-bit Ubuntu 22.04.5 LTS
| Command      : report_control_sets -verbose -file gpio_system_top_control_sets_placed.rpt
| Design       : gpio_system_top
| Device       : xc7z007s
---------------------------------------------------------------------------------------------------------------------------------------------

Control Set Information

Table of Contents
-----------------
1. Summary
2. Histogram
3. Flip-Flop Distribution
4. Detailed Control Set Information

1. Summary
----------

+----------------------------------------------------------+-------+
|                          Status                          | Count |
+----------------------------------------------------------+-------+
| Total control sets                                       |   120 |
|    Minimum number of control sets                        |   120 |
|    Addition due to synthesis replication                 |     0 |
|    Addition due to physical synthesis replication        |     0 |
| Unused register locations in slices containing registers |   383 |
+----------------------------------------------------------+-------+
* Control sets can be merged at opt_design using control_set_merge or merge_equivalent_drivers
** Run report_qor_suggestions for automated merging and remapping suggestions


2. Histogram
------------

+--------------------+-------+
|       Fanout       | Count |
+--------------------+-------+
| Total control sets |   120 |
| >= 0 to < 4        |     4 |
| >= 4 to < 6        |    15 |
| >= 6 to < 8        |     3 |
| >= 8 to < 10       |    75 |
| >= 10 to < 12      |     2 |
| >= 12 to < 14      |     1 |
| >= 14 to < 16      |     3 |
| >= 16              |    17 |
+--------------------+-------+
* Control sets can be remapped at either synth_design or opt_design


3. Flip-Flop Distribution
-------------------------

+--------------+-----------------------+------------------------+-----------------+--------------+
| Clock Enable | Synchronous Set/Reset | Asynchronous Set/Reset | Total Registers | Total Slices |
+--------------+-----------------------+------------------------+-----------------+--------------+
| No           | No                    | No                     |             235 |           89 |
| No           | No                    | Yes                    |               0 |            0 |
| No           | Yes                   | No                     |              57 |           27 |
| Yes          | No                    | No                     |             414 |          110 |
| Yes          | No                    | Yes                    |               0 |            0 |
| Yes          | Yes                   | No                     |             823 |          296 |
+--------------+-----------------------+------------------------+-----------------+--------------+


4. Detailed Control Set Information
-----------------------------------

+-------------------------------------------------------------------------------------+---------------------------------------------------------------------------------------------------------------------------------------------------------------------+------------------------------------------------------------------------------------------------------------------------------------------------------------+------------------+----------------+--------------+
|                                     Clock Signal                                    |                                                                            Enable Signal                                                                            |                                                                      Set/Reset Signal                                                                      | Slice Load Count | Bel Load Count | Bels / Slice |
+-------------------------------------------------------------------------------------+---------------------------------------------------------------------------------------------------------------------------------------------------------------------+------------------------------------------------------------------------------------------------------------------------------------------------------------+------------------+----------------+--------------+
|  system/system_i/serial_0/inst/serial_v1_0_AXI_inst/myReceiver/determinedBit_reg/G0 |                                                                                                                                                                     |                                                                                                                                                            |                1 |              1 |         1.00 |
|  system/system_i/processing_system7_0/inst/FCLK_CLK0                                | system/system_i/ps7_0_axi_periph/s00_couplers/auto_pc/inst/gen_axilite.gen_b2s_conv.axilite_b2s/WR.aw_channel_0/aw_cmd_fsm_0/FSM_sequential_state_reg[0]_1          | system/system_i/ps7_0_axi_periph/s00_couplers/auto_pc/inst/gen_axilite.gen_b2s_conv.axilite_b2s/WR.aw_channel_0/aw_cmd_fsm_0/FSM_sequential_state_reg[0]_0 |                1 |              1 |         1.00 |
|  system/system_i/serial_0/inst/serial_v1_0_AXI_inst/myReceiver/rxParityCheck__0     |                                                                                                                                                                     |                                                                                                                                                            |                1 |              1 |         1.00 |
|  system/system_i/processing_system7_0/inst/FCLK_CLK0                                | system/system_i/ps7_0_axi_periph/s00_couplers/auto_pc/inst/gen_axilite.gen_b2s_conv.axilite_b2s/WR.b_channel_0/bid_fifo_0/sel                                       |                                                                                                                                                            |                1 |              2 |         2.00 |
|  system/system_i/processing_system7_0/inst/FCLK_CLK0                                | system/system_i/serial_0/inst/serial_v1_0_AXI_inst/officialStatus[24]_i_2_n_0                                                                                       | system/system_i/serial_0/inst/serial_v1_0_AXI_inst/officialStatus__0[21]                                                                                   |                1 |              4 |         4.00 |
|  system/system_i/processing_system7_0/inst/FCLK_CLK0                                | system/system_i/serial_0/inst/serial_v1_0_AXI_inst/myTransmitter/regularBaudRate/outReg_reg_0                                                                       | system/system_i/serial_0/inst/serial_v1_0_AXI_inst/myTransmitter/regularBaudRate/FSM_sequential_txState_reg[0]                                             |                1 |              4 |         4.00 |
|  system/system_i/processing_system7_0/inst/FCLK_CLK0                                | system/system_i/serial_0/inst/serial_v1_0_AXI_inst/myReceiver/edge_detect_inst/FSM_onehot_rxState_reg[1][0]                                                         |                                                                                                                                                            |                1 |              4 |         4.00 |
|  system/system_i/processing_system7_0/inst/FCLK_CLK0                                | system/system_i/serial_0/inst/serial_v1_0_AXI_inst/myReceiver/edge_detect_inst/E[0]                                                                                 |                                                                                                                                                            |                2 |              4 |         2.00 |
|  system/system_i/processing_system7_0/inst/FCLK_CLK0                                | system/system_i/serial_0/inst/serial_v1_0_AXI_inst/myReceiver/edge_detect_inst/outReg_reg_0                                                                         |                                                                                                                                                            |                1 |              4 |         4.00 |
|  system/system_i/processing_system7_0/inst/FCLK_CLK0                                | system/system_i/ps7_0_axi_periph/s00_couplers/auto_pc/inst/gen_axilite.gen_b2s_conv.axilite_b2s/RD.ar_channel_0/ar_cmd_fsm_0/m_axi_arready_2                        | system/system_i/ps7_0_axi_periph/s00_couplers/auto_pc/inst/gen_axilite.gen_b2s_conv.axilite_b2s/RD.ar_channel_0/ar_cmd_fsm_0/FSM_sequential_state_reg[1]_0 |                2 |              4 |         2.00 |
|  system/system_i/processing_system7_0/inst/FCLK_CLK0                                |                                                                                                                                                                     | system/system_i/ps7_0_axi_periph/s00_couplers/auto_pc/inst/gen_axilite.gen_b2s_conv.axilite_b2s/SI_REG/aw.aw_pipe/aresetn_d_reg[1]_inv_0                   |                2 |              4 |         2.00 |
|  system/system_i/processing_system7_0/inst/FCLK_CLK0                                |                                                                                                                                                                     | system/system_i/proc_sys_reset_0/U0/EXT_LPF/lpf_int                                                                                                        |                1 |              4 |         4.00 |
|  system/system_i/processing_system7_0/inst/FCLK_CLK0                                |                                                                                                                                                                     | system/system_i/ps7_0_axi_periph/s00_couplers/auto_pc/inst/gen_axilite.gen_b2s_conv.axilite_b2s/SI_REG/aw.aw_pipe/aresetn_d_reg[0]_0                       |                3 |              4 |         1.33 |
|  system/system_i/processing_system7_0/inst/FCLK_CLK0                                | system/system_i/ps7_0_axi_periph/s00_couplers/auto_pc/inst/gen_axilite.gen_b2s_conv.axilite_b2s/RD.r_channel_0/transaction_fifo_0/cnt_read[4]_i_1_n_0               | system/system_i/ps7_0_axi_periph/s00_couplers/auto_pc/inst/gen_axilite.gen_b2s_conv.axilite_b2s/areset_d1                                                  |                2 |              5 |         2.50 |
|  system/system_i/processing_system7_0/inst/FCLK_CLK0                                | system/system_i/serial_0/inst/serial_v1_0_AXI_inst/txFIFO/wr_edge/E[0]                                                                                              | system/system_i/serial_0/inst/serial_v1_0_AXI_inst/rxFIFO/clear                                                                                            |                3 |              5 |         1.67 |
|  system/system_i/processing_system7_0/inst/FCLK_CLK0                                | system/system_i/serial_0/inst/serial_v1_0_AXI_inst/rxFIFO/rd_edge/E[0]                                                                                              | system/system_i/serial_0/inst/serial_v1_0_AXI_inst/rxFIFO/clear                                                                                            |                2 |              5 |         2.50 |
|  system/system_i/processing_system7_0/inst/FCLK_CLK0                                | system/system_i/ps7_0_axi_periph/s00_couplers/auto_pc/inst/gen_axilite.gen_b2s_conv.axilite_b2s/RD.r_channel_0/rd_data_fifo_0/cnt_read[4]_i_1__0_n_0                | system/system_i/ps7_0_axi_periph/s00_couplers/auto_pc/inst/gen_axilite.gen_b2s_conv.axilite_b2s/areset_d1                                                  |                2 |              5 |         2.50 |
|  system/system_i/processing_system7_0/inst/FCLK_CLK0                                | system/system_i/serial_0/inst/serial_v1_0_AXI_inst/rxFIFO/wr_edge/E[0]                                                                                              | system/system_i/serial_0/inst/serial_v1_0_AXI_inst/rxFIFO/clear                                                                                            |                3 |              5 |         1.67 |
|  system/system_i/processing_system7_0/inst/FCLK_CLK0                                | system/system_i/serial_0/inst/serial_v1_0_AXI_inst/txFIFO/rd_edge/outReg_reg_0[0]                                                                                   | system/system_i/serial_0/inst/serial_v1_0_AXI_inst/rxFIFO/clear                                                                                            |                2 |              5 |         2.50 |
|  system/system_i/processing_system7_0/inst/FCLK_CLK0                                | system/system_i/proc_sys_reset_0/U0/SEQ/seq_cnt_en                                                                                                                  | system/system_i/proc_sys_reset_0/U0/SEQ/SEQ_COUNTER/clear                                                                                                  |                1 |              6 |         6.00 |
|  system/system_i/processing_system7_0/inst/FCLK_CLK0                                | system/system_i/serial_0/inst/serial_v1_0_AXI_inst/officialControl[15]_i_1_n_0                                                                                      | system/system_i/serial_0/inst/serial_v1_0_AXI_inst/rxFIFO/clear                                                                                            |                2 |              6 |         3.00 |
|  system/system_i/processing_system7_0/inst/FCLK_CLK0                                | system/system_i/serial_0/inst/serial_v1_0_AXI_inst/myReceiver/edge_detect_inst/FSM_onehot_rxState_reg[1]_0[0]                                                       | system/system_i/serial_0/inst/serial_v1_0_AXI_inst/rxFIFO/clear                                                                                            |                2 |              6 |         3.00 |
|  system/system_i/processing_system7_0/inst/FCLK_CLK0                                | system/system_i/gpio_0/inst/gpio_slave_lite_v1_0_AXI_inst/int_clear_request[15]_i_1_n_0                                                                             | system/system_i/gpio_0/inst/gpio_slave_lite_v1_0_AXI_inst/int_clear_request[31]_i_1_n_0                                                                    |                2 |              8 |         4.00 |
|  system/system_i/processing_system7_0/inst/FCLK_CLK0                                | system/system_i/ps7_0_axi_periph/s00_couplers/auto_pc/inst/gen_axilite.gen_b2s_conv.axilite_b2s/WR.aw_channel_0/aw_cmd_fsm_0/m_valid_i_reg[0]                       |                                                                                                                                                            |                4 |              8 |         2.00 |
|  system/system_i/processing_system7_0/inst/FCLK_CLK0                                | system/system_i/serial_0/inst/serial_v1_0_AXI_inst/officialData[7]_i_1_n_0                                                                                          | system/system_i/serial_0/inst/serial_v1_0_AXI_inst/rxFIFO/clear                                                                                            |                4 |              8 |         2.00 |
|  system/system_i/processing_system7_0/inst/FCLK_CLK0                                | system/system_i/gpio_0/inst/gpio_slave_lite_v1_0_AXI_inst/int_edge_mode[15]_i_1_n_0                                                                                 | system/system_i/gpio_0/inst/gpio_slave_lite_v1_0_AXI_inst/p_0_in                                                                                           |                3 |              8 |         2.67 |
|  system/system_i/processing_system7_0/inst/FCLK_CLK0                                | system/system_i/gpio_0/inst/gpio_slave_lite_v1_0_AXI_inst/out[31]_i_1_n_0                                                                                           | system/system_i/gpio_0/inst/gpio_slave_lite_v1_0_AXI_inst/p_0_in                                                                                           |                3 |              8 |         2.67 |
|  system/system_i/processing_system7_0/inst/FCLK_CLK0                                | system/system_i/gpio_0/inst/gpio_slave_lite_v1_0_AXI_inst/od[23]_i_1_n_0                                                                                            | system/system_i/gpio_0/inst/gpio_slave_lite_v1_0_AXI_inst/p_0_in                                                                                           |                2 |              8 |         4.00 |
|  system/system_i/processing_system7_0/inst/FCLK_CLK0                                | system/system_i/gpio_0/inst/gpio_slave_lite_v1_0_AXI_inst/int_negative[23]_i_1_n_0                                                                                  | system/system_i/gpio_0/inst/gpio_slave_lite_v1_0_AXI_inst/p_0_in                                                                                           |                2 |              8 |         4.00 |
|  system/system_i/processing_system7_0/inst/FCLK_CLK0                                | system/system_i/gpio_0/inst/gpio_slave_lite_v1_0_AXI_inst/int_enable[7]_i_1_n_0                                                                                     | system/system_i/gpio_0/inst/gpio_slave_lite_v1_0_AXI_inst/p_0_in                                                                                           |                2 |              8 |         4.00 |
|  system/system_i/processing_system7_0/inst/FCLK_CLK0                                | system/system_i/gpio_0/inst/gpio_slave_lite_v1_0_AXI_inst/int_negative[15]_i_1_n_0                                                                                  | system/system_i/gpio_0/inst/gpio_slave_lite_v1_0_AXI_inst/p_0_in                                                                                           |                1 |              8 |         8.00 |
|  system/system_i/processing_system7_0/inst/FCLK_CLK0                                | system/system_i/gpio_0/inst/gpio_slave_lite_v1_0_AXI_inst/od[31]_i_1_n_0                                                                                            | system/system_i/gpio_0/inst/gpio_slave_lite_v1_0_AXI_inst/p_0_in                                                                                           |                2 |              8 |         4.00 |
|  system/system_i/processing_system7_0/inst/FCLK_CLK0                                | system/system_i/serial_0/inst/serial_v1_0_AXI_inst/p_1_in[31]                                                                                                       | system/system_i/serial_0/inst/serial_v1_0_AXI_inst/rxFIFO/clear                                                                                            |                3 |              8 |         2.67 |
|  system/system_i/processing_system7_0/inst/FCLK_CLK0                                | system/system_i/serial_0/inst/serial_v1_0_AXI_inst/p_1_in[23]                                                                                                       | system/system_i/serial_0/inst/serial_v1_0_AXI_inst/rxFIFO/clear                                                                                            |                3 |              8 |         2.67 |
|  system/system_i/processing_system7_0/inst/FCLK_CLK0                                | system/system_i/serial_0/inst/serial_v1_0_AXI_inst/p_1_in[7]                                                                                                        | system/system_i/serial_0/inst/serial_v1_0_AXI_inst/rxFIFO/clear                                                                                            |                3 |              8 |         2.67 |
|  system/system_i/processing_system7_0/inst/FCLK_CLK0                                | system/system_i/serial_0/inst/serial_v1_0_AXI_inst/p_1_in[15]                                                                                                       | system/system_i/serial_0/inst/serial_v1_0_AXI_inst/rxFIFO/clear                                                                                            |                4 |              8 |         2.00 |
|  system/system_i/processing_system7_0/inst/FCLK_CLK0                                | system/system_i/gpio_0/inst/gpio_slave_lite_v1_0_AXI_inst/od[7]_i_1_n_0                                                                                             | system/system_i/gpio_0/inst/gpio_slave_lite_v1_0_AXI_inst/p_0_in                                                                                           |                1 |              8 |         8.00 |
|  system/system_i/processing_system7_0/inst/FCLK_CLK0                                | system/system_i/gpio_0/inst/gpio_slave_lite_v1_0_AXI_inst/int_positive[7]_i_1_n_0                                                                                   | system/system_i/gpio_0/inst/gpio_slave_lite_v1_0_AXI_inst/p_0_in                                                                                           |                2 |              8 |         4.00 |
|  system/system_i/processing_system7_0/inst/FCLK_CLK0                                | system/system_i/gpio_0/inst/gpio_slave_lite_v1_0_AXI_inst/int_negative[7]_i_1_n_0                                                                                   | system/system_i/gpio_0/inst/gpio_slave_lite_v1_0_AXI_inst/p_0_in                                                                                           |                2 |              8 |         4.00 |
|  system/system_i/processing_system7_0/inst/FCLK_CLK0                                | system/system_i/ps7_0_axi_periph/s00_couplers/auto_pc/inst/gen_axilite.gen_b2s_conv.axilite_b2s/WR.b_channel_0/mhandshake_r                                         | system/system_i/ps7_0_axi_periph/s00_couplers/auto_pc/inst/gen_axilite.gen_b2s_conv.axilite_b2s/WR.b_channel_0/bid_fifo_0/SR[0]                            |                2 |              8 |         4.00 |
|  system/system_i/processing_system7_0/inst/FCLK_CLK0                                | system/system_i/gpio_0/inst/gpio_slave_lite_v1_0_AXI_inst/int_clear_request[23]_i_1_n_0                                                                             | system/system_i/gpio_0/inst/gpio_slave_lite_v1_0_AXI_inst/int_clear_request[31]_i_1_n_0                                                                    |                2 |              8 |         4.00 |
|  system/system_i/processing_system7_0/inst/FCLK_CLK0                                | system/system_i/gpio_0/inst/gpio_slave_lite_v1_0_AXI_inst/int_positive[31]_i_1_n_0                                                                                  | system/system_i/gpio_0/inst/gpio_slave_lite_v1_0_AXI_inst/p_0_in                                                                                           |                5 |              8 |         1.60 |
|  system/system_i/processing_system7_0/inst/FCLK_CLK0                                | system/system_i/gpio_0/inst/gpio_slave_lite_v1_0_AXI_inst/int_enable[23]_i_1_n_0                                                                                    | system/system_i/gpio_0/inst/gpio_slave_lite_v1_0_AXI_inst/p_0_in                                                                                           |                1 |              8 |         8.00 |
|  system/system_i/processing_system7_0/inst/FCLK_CLK0                                | system/system_i/ps7_0_axi_periph/s00_couplers/auto_pc/inst/gen_axilite.gen_b2s_conv.axilite_b2s/RD.ar_channel_0/ar_cmd_fsm_0/E[0]                                   |                                                                                                                                                            |                4 |              8 |         2.00 |
|  system/system_i/processing_system7_0/inst/FCLK_CLK0                                | system/system_i/gpio_0/inst/gpio_slave_lite_v1_0_AXI_inst/int_edge_mode[7]_i_1_n_0                                                                                  | system/system_i/gpio_0/inst/gpio_slave_lite_v1_0_AXI_inst/p_0_in                                                                                           |                1 |              8 |         8.00 |
|  system/system_i/processing_system7_0/inst/FCLK_CLK0                                | system/system_i/gpio_0/inst/gpio_slave_lite_v1_0_AXI_inst/int_positive[23]_i_1_n_0                                                                                  | system/system_i/gpio_0/inst/gpio_slave_lite_v1_0_AXI_inst/p_0_in                                                                                           |                3 |              8 |         2.67 |
|  system/system_i/processing_system7_0/inst/FCLK_CLK0                                | system/system_i/ps7_0_axi_periph/s00_couplers/auto_pc/inst/gen_axilite.gen_b2s_conv.axilite_b2s/WR.aw_channel_0/cmd_translator_0/incr_cmd_0/axaddr_incr[11]_i_1_n_0 |                                                                                                                                                            |                1 |              8 |         8.00 |
|  system/system_i/processing_system7_0/inst/FCLK_CLK0                                | system/system_i/gpio_0/inst/gpio_slave_lite_v1_0_AXI_inst/out[15]_i_1_n_0                                                                                           | system/system_i/gpio_0/inst/gpio_slave_lite_v1_0_AXI_inst/p_0_in                                                                                           |                2 |              8 |         4.00 |
|  system/system_i/processing_system7_0/inst/FCLK_CLK0                                | system/system_i/gpio_0/inst/gpio_slave_lite_v1_0_AXI_inst/int_positive[15]_i_1_n_0                                                                                  | system/system_i/gpio_0/inst/gpio_slave_lite_v1_0_AXI_inst/p_0_in                                                                                           |                1 |              8 |         8.00 |
|  system/system_i/processing_system7_0/inst/FCLK_CLK0                                | system/system_i/gpio_0/inst/gpio_slave_lite_v1_0_AXI_inst/int_enable[15]_i_1_n_0                                                                                    | system/system_i/gpio_0/inst/gpio_slave_lite_v1_0_AXI_inst/p_0_in                                                                                           |                1 |              8 |         8.00 |
|  system/system_i/processing_system7_0/inst/FCLK_CLK0                                | system/system_i/gpio_0/inst/gpio_slave_lite_v1_0_AXI_inst/od[15]_i_1_n_0                                                                                            | system/system_i/gpio_0/inst/gpio_slave_lite_v1_0_AXI_inst/p_0_in                                                                                           |                2 |              8 |         4.00 |
|  system/system_i/processing_system7_0/inst/FCLK_CLK0                                | system/system_i/gpio_0/inst/gpio_slave_lite_v1_0_AXI_inst/int_enable[31]_i_1_n_0                                                                                    | system/system_i/gpio_0/inst/gpio_slave_lite_v1_0_AXI_inst/p_0_in                                                                                           |                2 |              8 |         4.00 |
|  system/system_i/processing_system7_0/inst/FCLK_CLK0                                | system/system_i/gpio_0/inst/gpio_slave_lite_v1_0_AXI_inst/out[23]_i_1_n_0                                                                                           | system/system_i/gpio_0/inst/gpio_slave_lite_v1_0_AXI_inst/p_0_in                                                                                           |                2 |              8 |         4.00 |
|  system/system_i/processing_system7_0/inst/FCLK_CLK0                                | system/system_i/gpio_0/inst/gpio_slave_lite_v1_0_AXI_inst/out[7]_i_1_n_0                                                                                            | system/system_i/gpio_0/inst/gpio_slave_lite_v1_0_AXI_inst/p_0_in                                                                                           |                2 |              8 |         4.00 |
|  system/system_i/processing_system7_0/inst/FCLK_CLK0                                | system/system_i/gpio_0/inst/gpio_slave_lite_v1_0_AXI_inst/int_negative[31]_i_1_n_0                                                                                  | system/system_i/gpio_0/inst/gpio_slave_lite_v1_0_AXI_inst/p_0_in                                                                                           |                3 |              8 |         2.67 |
|  system/system_i/processing_system7_0/inst/FCLK_CLK0                                | system/system_i/gpio_0/inst/gpio_slave_lite_v1_0_AXI_inst/int_edge_mode[31]_i_1_n_0                                                                                 | system/system_i/gpio_0/inst/gpio_slave_lite_v1_0_AXI_inst/p_0_in                                                                                           |                2 |              8 |         4.00 |
|  system/system_i/processing_system7_0/inst/FCLK_CLK0                                | system/system_i/ps7_0_axi_periph/s00_couplers/auto_pc/inst/gen_axilite.gen_b2s_conv.axilite_b2s/RD.ar_channel_0/ar_cmd_fsm_0/sel_first_reg[0]                       |                                                                                                                                                            |                2 |              8 |         4.00 |
|  system/system_i/processing_system7_0/inst/FCLK_CLK0                                | system/system_i/gpio_0/inst/gpio_slave_lite_v1_0_AXI_inst/int_clear_request[31]_i_2_n_0                                                                             | system/system_i/gpio_0/inst/gpio_slave_lite_v1_0_AXI_inst/int_clear_request[31]_i_1_n_0                                                                    |                3 |              8 |         2.67 |
|  system/system_i/processing_system7_0/inst/FCLK_CLK0                                | system/system_i/serial_0/inst/serial_v1_0_AXI_inst/officialControl[23]_i_1_n_0                                                                                      | system/system_i/serial_0/inst/serial_v1_0_AXI_inst/rxFIFO/clear                                                                                            |                4 |              8 |         2.00 |
|  system/system_i/processing_system7_0/inst/FCLK_CLK0                                | system/system_i/serial_0/inst/serial_v1_0_AXI_inst/officialControl[31]_i_1_n_0                                                                                      | system/system_i/serial_0/inst/serial_v1_0_AXI_inst/rxFIFO/clear                                                                                            |                1 |              8 |         8.00 |
|  system/system_i/processing_system7_0/inst/FCLK_CLK0                                | system/system_i/serial_0/inst/serial_v1_0_AXI_inst/officialControl[4]_i_2_n_0                                                                                       | system/system_i/serial_0/inst/serial_v1_0_AXI_inst/rxFIFO/clear                                                                                            |                5 |              8 |         1.60 |
|  system/system_i/processing_system7_0/inst/FCLK_CLK0                                | system/system_i/gpio_0/inst/gpio_slave_lite_v1_0_AXI_inst/int_clear_request[7]_i_1_n_0                                                                              | system/system_i/gpio_0/inst/gpio_slave_lite_v1_0_AXI_inst/int_clear_request[31]_i_1_n_0                                                                    |                1 |              8 |         8.00 |
|  system/system_i/processing_system7_0/inst/FCLK_CLK0                                | system/system_i/gpio_0/inst/gpio_slave_lite_v1_0_AXI_inst/int_edge_mode[23]_i_1_n_0                                                                                 | system/system_i/gpio_0/inst/gpio_slave_lite_v1_0_AXI_inst/p_0_in                                                                                           |                2 |              8 |         4.00 |
|  system/system_i/processing_system7_0/inst/FCLK_CLK0                                | system/system_i/serial_0/inst/serial_v1_0_AXI_inst/rxFIFO/wr_edge/outReg_reg_157                                                                                    | system/system_i/serial_0/inst/serial_v1_0_AXI_inst/rxFIFO/clear                                                                                            |                2 |              9 |         4.50 |
|  system/system_i/processing_system7_0/inst/FCLK_CLK0                                | system/system_i/serial_0/inst/serial_v1_0_AXI_inst/txFIFO/wr_edge/outReg_reg_146                                                                                    | system/system_i/serial_0/inst/serial_v1_0_AXI_inst/rxFIFO/clear                                                                                            |                5 |              9 |         1.80 |
|  system/system_i/processing_system7_0/inst/FCLK_CLK0                                | system/system_i/serial_0/inst/serial_v1_0_AXI_inst/txFIFO/wr_edge/outReg_reg_153                                                                                    | system/system_i/serial_0/inst/serial_v1_0_AXI_inst/rxFIFO/clear                                                                                            |                4 |              9 |         2.25 |
|  system/system_i/processing_system7_0/inst/FCLK_CLK0                                | system/system_i/serial_0/inst/serial_v1_0_AXI_inst/txFIFO/wr_edge/outReg_reg_156                                                                                    | system/system_i/serial_0/inst/serial_v1_0_AXI_inst/rxFIFO/clear                                                                                            |                4 |              9 |         2.25 |
|  system/system_i/processing_system7_0/inst/FCLK_CLK0                                | system/system_i/serial_0/inst/serial_v1_0_AXI_inst/txFIFO/wr_edge/outReg_reg_148                                                                                    | system/system_i/serial_0/inst/serial_v1_0_AXI_inst/rxFIFO/clear                                                                                            |                4 |              9 |         2.25 |
|  system/system_i/processing_system7_0/inst/FCLK_CLK0                                | system/system_i/serial_0/inst/serial_v1_0_AXI_inst/rxFIFO/wr_edge/outReg_reg_148                                                                                    | system/system_i/serial_0/inst/serial_v1_0_AXI_inst/rxFIFO/clear                                                                                            |                3 |              9 |         3.00 |
|  system/system_i/processing_system7_0/inst/FCLK_CLK0                                | system/system_i/serial_0/inst/serial_v1_0_AXI_inst/txFIFO/wr_edge/outReg_reg_152                                                                                    | system/system_i/serial_0/inst/serial_v1_0_AXI_inst/rxFIFO/clear                                                                                            |                5 |              9 |         1.80 |
|  system/system_i/processing_system7_0/inst/FCLK_CLK0                                | system/system_i/serial_0/inst/serial_v1_0_AXI_inst/txFIFO/wr_edge/outReg_reg_158                                                                                    | system/system_i/serial_0/inst/serial_v1_0_AXI_inst/rxFIFO/clear                                                                                            |                4 |              9 |         2.25 |
|  system/system_i/processing_system7_0/inst/FCLK_CLK0                                | system/system_i/serial_0/inst/serial_v1_0_AXI_inst/txFIFO/wr_edge/outReg_reg_145                                                                                    | system/system_i/serial_0/inst/serial_v1_0_AXI_inst/rxFIFO/clear                                                                                            |                3 |              9 |         3.00 |
|  system/system_i/processing_system7_0/inst/FCLK_CLK0                                | system/system_i/serial_0/inst/serial_v1_0_AXI_inst/txFIFO/wr_edge/outReg_reg_147                                                                                    | system/system_i/serial_0/inst/serial_v1_0_AXI_inst/rxFIFO/clear                                                                                            |                4 |              9 |         2.25 |
|  system/system_i/processing_system7_0/inst/FCLK_CLK0                                | system/system_i/serial_0/inst/serial_v1_0_AXI_inst/txFIFO/wr_edge/outReg_reg_155                                                                                    | system/system_i/serial_0/inst/serial_v1_0_AXI_inst/rxFIFO/clear                                                                                            |                2 |              9 |         4.50 |
|  system/system_i/processing_system7_0/inst/FCLK_CLK0                                | system/system_i/serial_0/inst/serial_v1_0_AXI_inst/rxFIFO/wr_edge/outReg_reg_147                                                                                    | system/system_i/serial_0/inst/serial_v1_0_AXI_inst/rxFIFO/clear                                                                                            |                2 |              9 |         4.50 |
|  system/system_i/processing_system7_0/inst/FCLK_CLK0                                | system/system_i/serial_0/inst/serial_v1_0_AXI_inst/rxFIFO/wr_edge/outReg_reg_146                                                                                    | system/system_i/serial_0/inst/serial_v1_0_AXI_inst/rxFIFO/clear                                                                                            |                5 |              9 |         1.80 |
|  system/system_i/processing_system7_0/inst/FCLK_CLK0                                | system/system_i/serial_0/inst/serial_v1_0_AXI_inst/txFIFO/wr_edge/outReg_reg_154                                                                                    | system/system_i/serial_0/inst/serial_v1_0_AXI_inst/rxFIFO/clear                                                                                            |                3 |              9 |         3.00 |
|  system/system_i/processing_system7_0/inst/FCLK_CLK0                                | system/system_i/serial_0/inst/serial_v1_0_AXI_inst/rxFIFO/wr_edge/outReg_reg_152                                                                                    | system/system_i/serial_0/inst/serial_v1_0_AXI_inst/rxFIFO/clear                                                                                            |                5 |              9 |         1.80 |
|  system/system_i/serial_0/inst/serial_v1_0_AXI_inst/txFIFO/rd_edge/E[0]             |                                                                                                                                                                     |                                                                                                                                                            |                3 |              9 |         3.00 |
|  system/system_i/processing_system7_0/inst/FCLK_CLK0                                |                                                                                                                                                                     | system/system_i/gpio_0/inst/gpio_slave_lite_v1_0_AXI_inst/p_0_in                                                                                           |                4 |              9 |         2.25 |
|  system/system_i/processing_system7_0/inst/FCLK_CLK0                                | system/system_i/serial_0/inst/serial_v1_0_AXI_inst/txFIFO/wr_edge/outReg_reg_144                                                                                    | system/system_i/serial_0/inst/serial_v1_0_AXI_inst/rxFIFO/clear                                                                                            |                4 |              9 |         2.25 |
|  system/system_i/processing_system7_0/inst/FCLK_CLK0                                | system/system_i/serial_0/inst/serial_v1_0_AXI_inst/txFIFO/wr_edge/outReg_reg_157                                                                                    | system/system_i/serial_0/inst/serial_v1_0_AXI_inst/rxFIFO/clear                                                                                            |                2 |              9 |         4.50 |
|  system/system_i/processing_system7_0/inst/FCLK_CLK0                                | system/system_i/serial_0/inst/serial_v1_0_AXI_inst/txFIFO/wr_edge/outReg_reg_159                                                                                    | system/system_i/serial_0/inst/serial_v1_0_AXI_inst/rxFIFO/clear                                                                                            |                2 |              9 |         4.50 |
|  system/system_i/processing_system7_0/inst/FCLK_CLK0                                | system/system_i/serial_0/inst/serial_v1_0_AXI_inst/rxFIFO/wr_edge/outReg_reg_154                                                                                    | system/system_i/serial_0/inst/serial_v1_0_AXI_inst/rxFIFO/clear                                                                                            |                4 |              9 |         2.25 |
|  system/system_i/processing_system7_0/inst/FCLK_CLK0                                | system/system_i/serial_0/inst/serial_v1_0_AXI_inst/txFIFO/wr_edge/outReg_reg_150                                                                                    | system/system_i/serial_0/inst/serial_v1_0_AXI_inst/rxFIFO/clear                                                                                            |                6 |              9 |         1.50 |
|  system/system_i/processing_system7_0/inst/FCLK_CLK0                                | system/system_i/serial_0/inst/serial_v1_0_AXI_inst/rxFIFO/wr_edge/outReg_reg_156                                                                                    | system/system_i/serial_0/inst/serial_v1_0_AXI_inst/rxFIFO/clear                                                                                            |                5 |              9 |         1.80 |
|  system/system_i/processing_system7_0/inst/FCLK_CLK0                                | system/system_i/serial_0/inst/serial_v1_0_AXI_inst/txFIFO/wr_edge/outReg_reg_149                                                                                    | system/system_i/serial_0/inst/serial_v1_0_AXI_inst/rxFIFO/clear                                                                                            |                3 |              9 |         3.00 |
|  system/system_i/processing_system7_0/inst/FCLK_CLK0                                | system/system_i/serial_0/inst/serial_v1_0_AXI_inst/rxFIFO/wr_edge/outReg_reg_144                                                                                    | system/system_i/serial_0/inst/serial_v1_0_AXI_inst/rxFIFO/clear                                                                                            |                3 |              9 |         3.00 |
|  system/system_i/processing_system7_0/inst/FCLK_CLK0                                | system/system_i/serial_0/inst/serial_v1_0_AXI_inst/rxFIFO/wr_edge/outReg_reg_145                                                                                    | system/system_i/serial_0/inst/serial_v1_0_AXI_inst/rxFIFO/clear                                                                                            |                2 |              9 |         4.50 |
|  system/system_i/processing_system7_0/inst/FCLK_CLK0                                | system/system_i/serial_0/inst/serial_v1_0_AXI_inst/rxFIFO/wr_edge/outReg_reg_155                                                                                    | system/system_i/serial_0/inst/serial_v1_0_AXI_inst/rxFIFO/clear                                                                                            |                3 |              9 |         3.00 |
|  system/system_i/processing_system7_0/inst/FCLK_CLK0                                | system/system_i/serial_0/inst/serial_v1_0_AXI_inst/rxFIFO/wr_edge/outReg_reg_158                                                                                    | system/system_i/serial_0/inst/serial_v1_0_AXI_inst/rxFIFO/clear                                                                                            |                4 |              9 |         2.25 |
|  system/system_i/processing_system7_0/inst/FCLK_CLK0                                | system/system_i/serial_0/inst/serial_v1_0_AXI_inst/rxFIFO/wr_edge/outReg_reg_153                                                                                    | system/system_i/serial_0/inst/serial_v1_0_AXI_inst/rxFIFO/clear                                                                                            |                3 |              9 |         3.00 |
|  system/system_i/processing_system7_0/inst/FCLK_CLK0                                | system/system_i/serial_0/inst/serial_v1_0_AXI_inst/rxFIFO/wr_edge/outReg_reg_159                                                                                    | system/system_i/serial_0/inst/serial_v1_0_AXI_inst/rxFIFO/clear                                                                                            |                3 |              9 |         3.00 |
|  system/system_i/processing_system7_0/inst/FCLK_CLK0                                | system/system_i/serial_0/inst/serial_v1_0_AXI_inst/rxFIFO/wr_edge/outReg_reg_150                                                                                    | system/system_i/serial_0/inst/serial_v1_0_AXI_inst/rxFIFO/clear                                                                                            |                4 |              9 |         2.25 |
|  system/system_i/processing_system7_0/inst/FCLK_CLK0                                | system/system_i/serial_0/inst/serial_v1_0_AXI_inst/txFIFO/wr_edge/outReg_reg_151                                                                                    | system/system_i/serial_0/inst/serial_v1_0_AXI_inst/rxFIFO/clear                                                                                            |                2 |              9 |         4.50 |
|  system/system_i/processing_system7_0/inst/FCLK_CLK0                                | system/system_i/serial_0/inst/serial_v1_0_AXI_inst/rxFIFO/wr_edge/outReg_reg_149                                                                                    | system/system_i/serial_0/inst/serial_v1_0_AXI_inst/rxFIFO/clear                                                                                            |                2 |              9 |         4.50 |
|  system/system_i/processing_system7_0/inst/FCLK_CLK0                                | system/system_i/serial_0/inst/serial_v1_0_AXI_inst/rxFIFO/wr_edge/outReg_reg_151                                                                                    | system/system_i/serial_0/inst/serial_v1_0_AXI_inst/rxFIFO/clear                                                                                            |                2 |              9 |         4.50 |
|  system/system_i/processing_system7_0/inst/FCLK_CLK0                                |                                                                                                                                                                     | system/system_i/ps7_0_axi_periph/s00_couplers/auto_pc/inst/gen_axilite.gen_b2s_conv.axilite_b2s/areset_d1                                                  |                4 |             10 |         2.50 |
|  system/system_i/processing_system7_0/inst/FCLK_CLK0                                |                                                                                                                                                                     | system/system_i/ps7_0_axi_periph/xbar/inst/gen_sasd.crossbar_sasd_0/addr_arbiter_inst/SR[0]                                                                |                5 |             11 |         2.20 |
|  system/system_i/processing_system7_0/inst/FCLK_CLK0                                | system/system_i/ps7_0_axi_periph/s00_couplers/auto_pc/inst/gen_axilite.gen_b2s_conv.axilite_b2s/RD.r_channel_0/r_push_r                                             |                                                                                                                                                            |                4 |             13 |         3.25 |
|  system/system_i/processing_system7_0/inst/FCLK_CLK0                                | system/system_i/ps7_0_axi_periph/s00_couplers/auto_pc/inst/gen_axilite.gen_b2s_conv.axilite_b2s/SI_REG/b.b_pipe/p_1_in                                              |                                                                                                                                                            |                4 |             14 |         3.50 |
|  system/system_i/processing_system7_0/inst/FCLK_CLK0                                | system/system_i/ps7_0_axi_periph/s00_couplers/auto_pc/inst/gen_axilite.gen_b2s_conv.axilite_b2s/SI_REG/b.b_pipe/s_ready_i_reg_0                                     |                                                                                                                                                            |                4 |             14 |         3.50 |
|  system/system_i/processing_system7_0/inst/FCLK_CLK0                                |                                                                                                                                                                     | system/system_i/serial_0/inst/serial_v1_0_AXI_inst/rxFIFO/clear                                                                                            |                8 |             15 |         1.88 |
|  system/system_i/processing_system7_0/inst/FCLK_CLK0                                | system/system_i/ps7_0_axi_periph/s00_couplers/auto_pc/inst/gen_axilite.gen_b2s_conv.axilite_b2s/WR.aw_channel_0/aw_cmd_fsm_0/m_axi_awready_0                        |                                                                                                                                                            |                3 |             16 |         5.33 |
|  system/system_i/processing_system7_0/inst/FCLK_CLK0                                | system/system_i/ps7_0_axi_periph/s00_couplers/auto_pc/inst/gen_axilite.gen_b2s_conv.axilite_b2s/RD.ar_channel_0/ar_cmd_fsm_0/m_axi_arready_2                        |                                                                                                                                                            |                7 |             17 |         2.43 |
|  system/system_i/processing_system7_0/inst/FCLK_CLK0                                | system/system_i/ps7_0_axi_periph/xbar/inst/gen_sasd.crossbar_sasd_0/addr_arbiter_inst/p_0_in1_in                                                                    | system/system_i/ps7_0_axi_periph/xbar/inst/gen_sasd.crossbar_sasd_0/addr_arbiter_inst/SR[0]                                                                |                7 |             19 |         2.71 |
|  system/system_i/processing_system7_0/inst/FCLK_CLK0                                | system/system_i/ps7_0_axi_periph/s00_couplers/auto_pc/inst/gen_axilite.gen_b2s_conv.axilite_b2s/WR.aw_channel_0/aw_cmd_fsm_0/FSM_sequential_state_reg[0]_1          |                                                                                                                                                            |                6 |             20 |         3.33 |
|  system/system_i/processing_system7_0/inst/FCLK_CLK0                                | system/system_i/gpio_0/inst/gpio_slave_lite_v1_0_AXI_inst/rd__0                                                                                                     | system/system_i/gpio_0/inst/gpio_slave_lite_v1_0_AXI_inst/p_0_in                                                                                           |               30 |             32 |         1.07 |
|  system/system_i/processing_system7_0/inst/FCLK_CLK0                                | system/system_i/serial_0/inst/serial_v1_0_AXI_inst/p_7_in                                                                                                           | system/system_i/serial_0/inst/serial_v1_0_AXI_inst/rxFIFO/clear                                                                                            |               16 |             32 |         2.00 |
|  system/system_i/processing_system7_0/inst/FCLK_CLK0                                | system/system_i/ps7_0_axi_periph/s00_couplers/auto_pc/inst/gen_axilite.gen_b2s_conv.axilite_b2s/RD.r_channel_0/rd_data_fifo_0/wr_en0                                |                                                                                                                                                            |                9 |             34 |         3.78 |
|  system/system_i/processing_system7_0/inst/FCLK_CLK0                                | system/system_i/ps7_0_axi_periph/xbar/inst/gen_sasd.crossbar_sasd_0/addr_arbiter_inst/E[0]                                                                          |                                                                                                                                                            |               14 |             35 |         2.50 |
|  system/system_i/processing_system7_0/inst/FCLK_CLK0                                | system/system_i/ps7_0_axi_periph/s00_couplers/auto_pc/inst/gen_axilite.gen_b2s_conv.axilite_b2s/SI_REG/ar.ar_pipe/s_ready_i_reg_0                                   |                                                                                                                                                            |               10 |             44 |         4.40 |
|  system/system_i/processing_system7_0/inst/FCLK_CLK0                                | system/system_i/ps7_0_axi_periph/s00_couplers/auto_pc/inst/gen_axilite.gen_b2s_conv.axilite_b2s/WR.aw_channel_0/aw_cmd_fsm_0/E[0]                                   |                                                                                                                                                            |               10 |             44 |         4.40 |
|  system/system_i/processing_system7_0/inst/FCLK_CLK0                                | system/system_i/ps7_0_axi_periph/s00_couplers/auto_pc/inst/gen_axilite.gen_b2s_conv.axilite_b2s/SI_REG/aw.aw_pipe/s_ready_i_reg_0                                   |                                                                                                                                                            |               10 |             44 |         4.40 |
|  system/system_i/processing_system7_0/inst/FCLK_CLK0                                | system/system_i/ps7_0_axi_periph/s00_couplers/auto_pc/inst/gen_axilite.gen_b2s_conv.axilite_b2s/RD.ar_channel_0/ar_cmd_fsm_0/m_valid_i_reg[0]                       |                                                                                                                                                            |                9 |             44 |         4.89 |
|  system/system_i/processing_system7_0/inst/FCLK_CLK0                                | system/system_i/serial_0/inst/serial_v1_0_AXI_inst/myBRD/baudSignal                                                                                                 | system/system_i/serial_0/inst/serial_v1_0_AXI_inst/rxFIFO/clear                                                                                            |               11 |             44 |         4.00 |
|  system/system_i/processing_system7_0/inst/FCLK_CLK0                                | system/system_i/ps7_0_axi_periph/s00_couplers/auto_pc/inst/gen_axilite.gen_b2s_conv.axilite_b2s/SI_REG/r.r_pipe/p_1_in                                              |                                                                                                                                                            |                9 |             47 |         5.22 |
|  system/system_i/processing_system7_0/inst/FCLK_CLK0                                | system/system_i/ps7_0_axi_periph/s00_couplers/auto_pc/inst/gen_axilite.gen_b2s_conv.axilite_b2s/SI_REG/r.r_pipe/s_ready_i_reg_0                                     |                                                                                                                                                            |               12 |             47 |         3.92 |
|  system/system_i/processing_system7_0/inst/FCLK_CLK0                                | system/system_i/serial_0/inst/serial_v1_0_AXI_inst/Q[0]                                                                                                             | system/system_i/serial_0/inst/serial_v1_0_AXI_inst/rxFIFO/clear                                                                                            |               13 |             51 |         3.92 |
|  system/system_i/processing_system7_0/inst/FCLK_CLK0                                |                                                                                                                                                                     |                                                                                                                                                            |               85 |            225 |         2.65 |
+-------------------------------------------------------------------------------------+---------------------------------------------------------------------------------------------------------------------------------------------------------------------+------------------------------------------------------------------------------------------------------------------------------------------------------------+------------------+----------------+--------------+


